// Jest Snapshot v1, https://goo.gl/fbAQLP

exports[`AuthRoutes renders 1`] = `
<Redirect
  to="/login"
/>
`;
