// Jest Snapshot v1, https://goo.gl/fbAQLP

exports[`Home renders 1`] = `
<div
  className="Home"
>
  <p>
    You clicked 
    0
     times
  </p>
  <button
    onClick={[Function]}
  >
    Click me
  </button>
</div>
`;
