// Jest Snapshot v1, https://goo.gl/fbAQLP

exports[`Navigation renders 1`] = `
<div>
  <WithStyles(AppBar)
    position="static"
  >
    <WithStyles(Tabs)
      onChange={[Function]}
      variant="fullWidth"
    >
      <withRouter(links)
        href="/home/:id"
        label="home"
        value="home/:id"
      />
      <withRouter(links)
        href="/addgame"
        label="Add a game"
        value="/addgame"
      />
      <withRouter(links)
        href="/search"
        label="Search Collection"
        value="/search"
      />
      <withRouter(links)
        href="/logout"
        label="Log out"
        value="/logout"
      />
    </WithStyles(Tabs)>
  </WithStyles(AppBar)>
</div>
`;
