// Jest Snapshot v1, https://goo.gl/fbAQLP

exports[`App renders expected structure 1`] = `<Login />`;
